MSH|^~\&|SAP-ISH|HZL|||20040805152637||ADT^A01|123456|T|2.2|||ER
EVN|A01|20040805152637
PID|1||79471||Meier^Elfriede|Meier|19400101|W|||Hauptstrasse 23^^Essen^NW^11000^DE^H|||||S|||111-11-1111||||Essen
NK1|1|Meier^Elfriede|EMC|Hauptstrasse 23^^Essen^NW^11000^DE|333-4444~333-5555|
PV1|1|I|ISKA|R||||823745217||||||||N|||79237645|||||||||||||||||||||||||20040805000000